17:39:45 **** Build of configuration Debug for project ECE520_application_project_BPM ****
make all 
make --no-print-directory pre-build
a9-linaro-pre-build-step
' '
make --no-print-directory main-build
'Building file: ../src/BPM_BRAM.c'
'Invoking: ARM v7 gcc compiler'
arm-none-eabi-gcc -Wall -O0 -g3 -c -fmessage-length=0 -MT"src/BPM_BRAM.o" -mcpu=cortex-a9 -mfpu=vfpv3 -mfloat-abi=hard -IC:/Users/luisr/Desktop/Vitis/Graduate_Project/FPGA/BPM/BPM_wrapper/export/BPM_wrapper/sw/BPM_wrapper/standalone_ps7_cortexa9_0/bspinclude/include -MMD -MP -MF"src/BPM_BRAM.d" -MT"src/BPM_BRAM.o" -o "src/BPM_BRAM.o" "../src/BPM_BRAM.c"
../src/BPM_BRAM.c: In function 'main':
../src/BPM_BRAM.c:23:6: warning: unused variable 'i' [-Wunused-variable]
   23 |  int i = 0;
      |      ^
'Finished building: ../src/BPM_BRAM.c'
' '
'Building target: ECE520_application_project_BPM.elf'
'Invoking: ARM v7 gcc linker'
arm-none-eabi-gcc -mcpu=cortex-a9 -mfpu=vfpv3 -mfloat-abi=hard -Wl,-build-id=none -specs=Xilinx.spec -Wl,-T -Wl,../src/lscript.ld -LC:/Users/luisr/Desktop/Vitis/Graduate_Project/FPGA/BPM/BPM_wrapper/export/BPM_wrapper/sw/BPM_wrapper/standalone_ps7_cortexa9_0/bsplib/lib -o "ECE520_application_project_BPM.elf"  ./src/BPM_BRAM.o ./src/platform.o   -Wl,--start-group,-lxil,-lgcc,-lc,--end-group
'Finished building target: ECE520_application_project_BPM.elf'
' '
'Invoking: ARM v7 Print Size'
arm-none-eabi-size ECE520_application_project_BPM.elf  |tee "ECE520_application_project_BPM.elf.size"
   text	   data	    bss	    dec	    hex	filename
  57551	   2572	  30768	  90891	  1630b	ECE520_application_project_BPM.elf
'Finished building: ECE520_application_project_BPM.elf.size'
' '

17:39:46 Build Finished (took 895ms)

